Archive member included to satisfy reference by file (symbol)

c:/st/stm32cubeide_1.4.0/stm32cubeide/plugins/com.st.stm32cube.ide.mcu.externaltools.gnu-tools-for-stm32.7-2018-q2-update.win32_1.4.0.202007081208/tools/bin/../lib/gcc/arm-none-eabi/7.3.1/../../../../arm-none-eabi/lib/thumb/v7e-m/fpv4-sp/hard\libc_nano.a(lib_a-errno.o)
                              Core/Src/syscalls.o (__errno)
c:/st/stm32cubeide_1.4.0/stm32cubeide/plugins/com.st.stm32cube.ide.mcu.externaltools.gnu-tools-for-stm32.7-2018-q2-update.win32_1.4.0.202007081208/tools/bin/../lib/gcc/arm-none-eabi/7.3.1/../../../../arm-none-eabi/lib/thumb/v7e-m/fpv4-sp/hard\libc_nano.a(lib_a-exit.o)
                              c:/st/stm32cubeide_1.4.0/stm32cubeide/plugins/com.st.stm32cube.ide.mcu.externaltools.gnu-tools-for-stm32.7-2018-q2-update.win32_1.4.0.202007081208/tools/bin/../lib/gcc/arm-none-eabi/7.3.1/../../../../arm-none-eabi/lib/thumb/v7e-m/fpv4-sp/hard/crt0.o (exit)
c:/st/stm32cubeide_1.4.0/stm32cubeide/plugins/com.st.stm32cube.ide.mcu.externaltools.gnu-tools-for-stm32.7-2018-q2-update.win32_1.4.0.202007081208/tools/bin/../lib/gcc/arm-none-eabi/7.3.1/../../../../arm-none-eabi/lib/thumb/v7e-m/fpv4-sp/hard\libc_nano.a(lib_a-impure.o)
                              c:/st/stm32cubeide_1.4.0/stm32cubeide/plugins/com.st.stm32cube.ide.mcu.externaltools.gnu-tools-for-stm32.7-2018-q2-update.win32_1.4.0.202007081208/tools/bin/../lib/gcc/arm-none-eabi/7.3.1/../../../../arm-none-eabi/lib/thumb/v7e-m/fpv4-sp/hard\libc_nano.a(lib_a-exit.o) (_global_impure_ptr)
c:/st/stm32cubeide_1.4.0/stm32cubeide/plugins/com.st.stm32cube.ide.mcu.externaltools.gnu-tools-for-stm32.7-2018-q2-update.win32_1.4.0.202007081208/tools/bin/../lib/gcc/arm-none-eabi/7.3.1/../../../../arm-none-eabi/lib/thumb/v7e-m/fpv4-sp/hard\libc_nano.a(lib_a-init.o)
                              c:/st/stm32cubeide_1.4.0/stm32cubeide/plugins/com.st.stm32cube.ide.mcu.externaltools.gnu-tools-for-stm32.7-2018-q2-update.win32_1.4.0.202007081208/tools/bin/../lib/gcc/arm-none-eabi/7.3.1/../../../../arm-none-eabi/lib/thumb/v7e-m/fpv4-sp/hard/crt0.o (__libc_init_array)
c:/st/stm32cubeide_1.4.0/stm32cubeide/plugins/com.st.stm32cube.ide.mcu.externaltools.gnu-tools-for-stm32.7-2018-q2-update.win32_1.4.0.202007081208/tools/bin/../lib/gcc/arm-none-eabi/7.3.1/../../../../arm-none-eabi/lib/thumb/v7e-m/fpv4-sp/hard\libc_nano.a(lib_a-memset.o)
                              c:/st/stm32cubeide_1.4.0/stm32cubeide/plugins/com.st.stm32cube.ide.mcu.externaltools.gnu-tools-for-stm32.7-2018-q2-update.win32_1.4.0.202007081208/tools/bin/../lib/gcc/arm-none-eabi/7.3.1/../../../../arm-none-eabi/lib/thumb/v7e-m/fpv4-sp/hard/crt0.o (memset)
c:/st/stm32cubeide_1.4.0/stm32cubeide/plugins/com.st.stm32cube.ide.mcu.externaltools.gnu-tools-for-stm32.7-2018-q2-update.win32_1.4.0.202007081208/tools/bin/../lib/gcc/arm-none-eabi/7.3.1/thumb/v7e-m/fpv4-sp/hard\libgcc.a(_aeabi_uldivmod.o)
                              Drivers/STM32L4xx_HAL_Driver/Src/stm32l4xx_hal_uart.o (__aeabi_uldivmod)
c:/st/stm32cubeide_1.4.0/stm32cubeide/plugins/com.st.stm32cube.ide.mcu.externaltools.gnu-tools-for-stm32.7-2018-q2-update.win32_1.4.0.202007081208/tools/bin/../lib/gcc/arm-none-eabi/7.3.1/thumb/v7e-m/fpv4-sp/hard\libgcc.a(_udivmoddi4.o)
                              c:/st/stm32cubeide_1.4.0/stm32cubeide/plugins/com.st.stm32cube.ide.mcu.externaltools.gnu-tools-for-stm32.7-2018-q2-update.win32_1.4.0.202007081208/tools/bin/../lib/gcc/arm-none-eabi/7.3.1/thumb/v7e-m/fpv4-sp/hard\libgcc.a(_aeabi_uldivmod.o) (__udivmoddi4)
c:/st/stm32cubeide_1.4.0/stm32cubeide/plugins/com.st.stm32cube.ide.mcu.externaltools.gnu-tools-for-stm32.7-2018-q2-update.win32_1.4.0.202007081208/tools/bin/../lib/gcc/arm-none-eabi/7.3.1/thumb/v7e-m/fpv4-sp/hard\libgcc.a(_dvmd_tls.o)
                              c:/st/stm32cubeide_1.4.0/stm32cubeide/plugins/com.st.stm32cube.ide.mcu.externaltools.gnu-tools-for-stm32.7-2018-q2-update.win32_1.4.0.202007081208/tools/bin/../lib/gcc/arm-none-eabi/7.3.1/thumb/v7e-m/fpv4-sp/hard\libgcc.a(_aeabi_uldivmod.o) (__aeabi_ldiv0)

Allocating common symbols
Common symbol       size              file

hcan_rx             0x1c              Core/Src/main.o
uwTick              0x4               Drivers/STM32L4xx_HAL_Driver/Src/stm32l4xx_hal.o
huart2              0x80              Core/Src/main.o
hcan1               0x28              Core/Src/main.o

Discarded input sections

 .text          0x0000000000000000        0x0 c:/st/stm32cubeide_1.4.0/stm32cubeide/plugins/com.st.stm32cube.ide.mcu.externaltools.gnu-tools-for-stm32.7-2018-q2-update.win32_1.4.0.202007081208/tools/bin/../lib/gcc/arm-none-eabi/7.3.1/thumb/v7e-m/fpv4-sp/hard/crti.o
 .data          0x0000000000000000        0x0 c:/st/stm32cubeide_1.4.0/stm32cubeide/plugins/com.st.stm32cube.ide.mcu.externaltools.gnu-tools-for-stm32.7-2018-q2-update.win32_1.4.0.202007081208/tools/bin/../lib/gcc/arm-none-eabi/7.3.1/thumb/v7e-m/fpv4-sp/hard/crti.o
[...]
Memory Configuration

Name             Origin             Length             Attributes
RAM              0x0000000020000000 0x0000000000018000 xrw
RAM2             0x0000000010000000 0x0000000000008000 xrw
FLASH            0x0000000008000000 0x0000000000100000 xr
*default*        0x0000000000000000 0xffffffffffffffff

Linker script and memory map

LOAD c:/st/stm32cubeide_1.4.0/stm32cubeide/plugins/com.st.stm32cube.ide.mcu.externaltools.gnu-tools-for-stm32.7-2018-q2-update.win32_1.4.0.202007081208/tools/bin/../lib/gcc/arm-none-eabi/7.3.1/thumb/v7e-m/fpv4-sp/hard/crti.o
LOAD c:/st/stm32cubeide_1.4.0/stm32cubeide/plugins/com.st.stm32cube.ide.mcu.externaltools.gnu-tools-for-stm32.7-2018-q2-update.win32_1.4.0.202007081208/tools/bin/../lib/gcc/arm-none-eabi/7.3.1/thumb/v7e-m/fpv4-sp/hard/crtbegin.o
LOAD c:/st/stm32cubeide_1.4.0/stm32cubeide/plugins/com.st.stm32cube.ide.mcu.externaltools.gnu-tools-for-stm32.7-2018-q2-update.win32_1.4.0.202007081208/tools/bin/../lib/gcc/arm-none-eabi/7.3.1/../../../../arm-none-eabi/lib/thumb/v7e-m/fpv4-sp/hard/crt0.o
LOAD Core/Src/main.o
LOAD Core/Src/stm32l4xx_hal_msp.o
LOAD Core/Src/stm32l4xx_it.o
LOAD Core/Src/syscalls.o
LOAD Core/Src/sysmem.o
LOAD Core/Src/system_stm32l4xx.o
LOAD Core/Startup/startup_stm32l476rgtx.o
LOAD Drivers/STM32L4xx_HAL_Driver/Src/stm32l4xx_hal.o
LOAD Drivers/STM32L4xx_HAL_Driver/Src/stm32l4xx_hal_can.o
LOAD Drivers/STM32L4xx_HAL_Driver/Src/stm32l4xx_hal_cortex.o
LOAD Drivers/STM32L4xx_HAL_Driver/Src/stm32l4xx_hal_dma.o
LOAD Drivers/STM32L4xx_HAL_Driver/Src/stm32l4xx_hal_dma_ex.o
LOAD Drivers/STM32L4xx_HAL_Driver/Src/stm32l4xx_hal_exti.o
LOAD Drivers/STM32L4xx_HAL_Driver/Src/stm32l4xx_hal_flash.o
LOAD Drivers/STM32L4xx_HAL_Driver/Src/stm32l4xx_hal_flash_ex.o
LOAD Drivers/STM32L4xx_HAL_Driver/Src/stm32l4xx_hal_flash_ramfunc.o
LOAD Drivers/STM32L4xx_HAL_Driver/Src/stm32l4xx_hal_gpio.o
LOAD Drivers/STM32L4xx_HAL_Driver/Src/stm32l4xx_hal_i2c.o
LOAD Drivers/STM32L4xx_HAL_Driver/Src/stm32l4xx_hal_i2c_ex.o
LOAD Drivers/STM32L4xx_HAL_Driver/Src/stm32l4xx_hal_pwr.o
LOAD Drivers/STM32L4xx_HAL_Driver/Src/stm32l4xx_hal_pwr_ex.o
LOAD Drivers/STM32L4xx_HAL_Driver/Src/stm32l4xx_hal_rcc.o
LOAD Drivers/STM32L4xx_HAL_Driver/Src/stm32l4xx_hal_rcc_ex.o
LOAD Drivers/STM32L4xx_HAL_Driver/Src/stm32l4xx_hal_tim.o
LOAD Drivers/STM32L4xx_HAL_Driver/Src/stm32l4xx_hal_tim_ex.o
LOAD Drivers/STM32L4xx_HAL_Driver/Src/stm32l4xx_hal_uart.o
LOAD Drivers/STM32L4xx_HAL_Driver/Src/stm32l4xx_hal_uart_ex.o
START GROUP
LOAD c:/st/stm32cubeide_1.4.0/stm32cubeide/plugins/com.st.stm32cube.ide.mcu.externaltools.gnu-tools-for-stm32.7-2018-q2-update.win32_1.4.0.202007081208/tools/bin/../lib/gcc/arm-none-eabi/7.3.1/../../../../arm-none-eabi/lib/thumb/v7e-m/fpv4-sp/hard\libc_nano.a
LOAD c:/st/stm32cubeide_1.4.0/stm32cubeide/plugins/com.st.stm32cube.ide.mcu.externaltools.gnu-tools-for-stm32.7-2018-q2-update.win32_1.4.0.202007081208/tools/bin/../lib/gcc/arm-none-eabi/7.3.1/../../../../arm-none-eabi/lib/thumb/v7e-m/fpv4-sp/hard\libm.a
END GROUP
START GROUP
LOAD c:/st/stm32cubeide_1.4.0/stm32cubeide/plugins/com.st.stm32cube.ide.mcu.externaltools.gnu-tools-for-stm32.7-2018-q2-update.win32_1.4.0.202007081208/tools/bin/../lib/gcc/arm-none-eabi/7.3.1/thumb/v7e-m/fpv4-sp/hard\libgcc.a
LOAD c:/st/stm32cubeide_1.4.0/stm32cubeide/plugins/com.st.stm32cube.ide.mcu.externaltools.gnu-tools-for-stm32.7-2018-q2-update.win32_1.4.0.202007081208/tools/bin/../lib/gcc/arm-none-eabi/7.3.1/../../../../arm-none-eabi/lib/thumb/v7e-m/fpv4-sp/hard\libc_nano.a
END GROUP
START GROUP
LOAD c:/st/stm32cubeide_1.4.0/stm32cubeide/plugins/com.st.stm32cube.ide.mcu.externaltools.gnu-tools-for-stm32.7-2018-q2-update.win32_1.4.0.202007081208/tools/bin/../lib/gcc/arm-none-eabi/7.3.1/thumb/v7e-m/fpv4-sp/hard\libgcc.a
LOAD c:/st/stm32cubeide_1.4.0/stm32cubeide/plugins/com.st.stm32cube.ide.mcu.externaltools.gnu-tools-for-stm32.7-2018-q2-update.win32_1.4.0.202007081208/tools/bin/../lib/gcc/arm-none-eabi/7.3.1/../../../../arm-none-eabi/lib/thumb/v7e-m/fpv4-sp/hard\libc_nano.a
LOAD c:/st/stm32cubeide_1.4.0/stm32cubeide/plugins/com.st.stm32cube.ide.mcu.externaltools.gnu-tools-for-stm32.7-2018-q2-update.win32_1.4.0.202007081208/tools/bin/../lib/gcc/arm-none-eabi/7.3.1/../../../../arm-none-eabi/lib/thumb/v7e-m/fpv4-sp/hard\libnosys.a
END GROUP
START GROUP
LOAD c:/st/stm32cubeide_1.4.0/stm32cubeide/plugins/com.st.stm32cube.ide.mcu.externaltools.gnu-tools-for-stm32.7-2018-q2-update.win32_1.4.0.202007081208/tools/bin/../lib/gcc/arm-none-eabi/7.3.1/thumb/v7e-m/fpv4-sp/hard\libgcc.a
LOAD c:/st/stm32cubeide_1.4.0/stm32cubeide/plugins/com.st.stm32cube.ide.mcu.externaltools.gnu-tools-for-stm32.7-2018-q2-update.win32_1.4.0.202007081208/tools/bin/../lib/gcc/arm-none-eabi/7.3.1/../../../../arm-none-eabi/lib/thumb/v7e-m/fpv4-sp/hard\libc_nano.a
LOAD c:/st/stm32cubeide_1.4.0/stm32cubeide/plugins/com.st.stm32cube.ide.mcu.externaltools.gnu-tools-for-stm32.7-2018-q2-update.win32_1.4.0.202007081208/tools/bin/../lib/gcc/arm-none-eabi/7.3.1/../../../../arm-none-eabi/lib/thumb/v7e-m/fpv4-sp/hard\libnosys.a
END GROUP
LOAD c:/st/stm32cubeide_1.4.0/stm32cubeide/plugins/com.st.stm32cube.ide.mcu.externaltools.gnu-tools-for-stm32.7-2018-q2-update.win32_1.4.0.202007081208/tools/bin/../lib/gcc/arm-none-eabi/7.3.1/thumb/v7e-m/fpv4-sp/hard/crtend.o
LOAD c:/st/stm32cubeide_1.4.0/stm32cubeide/plugins/com.st.stm32cube.ide.mcu.externaltools.gnu-tools-for-stm32.7-2018-q2-update.win32_1.4.0.202007081208/tools/bin/../lib/gcc/arm-none-eabi/7.3.1/thumb/v7e-m/fpv4-sp/hard/crtn.o
                0x0000000020018000                _estack = (ORIGIN (RAM) + LENGTH (RAM))
                0x0000000000000200                _Min_Heap_Size = 0x200
                0x0000000000000400                _Min_Stack_Size = 0x400

.isr_vector     0x0000000008000000      0x188
                0x0000000008000000                . = ALIGN (0x4)
 *(.isr_vector)
 .isr_vector    0x0000000008000000      0x188 Core/Startup/startup_stm32l476rgtx.o
                0x0000000008000000                g_pfnVectors
                0x0000000008000188                . = ALIGN (0x4)

.text           0x0000000008000188     0x3eac
                0x0000000008000188                . = ALIGN (0x4)
 *(.text)
 .text          0x0000000008000188       0x40 c:/st/stm32cubeide_1.4.0/stm32cubeide/plugins/com.st.stm32cube.ide.mcu.externaltools.gnu-tools-for-stm32.7-2018-q2-update.win32_1.4.0.202007081208/tools/bin/../lib/gcc/arm-none-eabi/7.3.1/thumb/v7e-m/fpv4-sp/hard/crtbegin.o
 .text          0x00000000080001c8       0x30 c:/st/stm32cubeide_1.4.0/stm32cubeide/plugins/com.st.stm32cube.ide.mcu.externaltools.gnu-tools-for-stm32.7-2018-q2-update.win32_1.4.0.202007081208/tools/bin/../lib/gcc/arm-none-eabi/7.3.1/thumb/v7e-m/fpv4-sp/hard\libgcc.a(_aeabi_uldivmod.o)
                0x00000000080001c8                __aeabi_uldivmod
 .text          0x00000000080001f8      0x2cc c:/st/stm32cubeide_1.4.0/stm32cubeide/plugins/com.st.stm32cube.ide.mcu.externaltools.gnu-tools-for-stm32.7-2018-q2-update.win32_1.4.0.202007081208/tools/bin/../lib/gcc/arm-none-eabi/7.3.1/thumb/v7e-m/fpv4-sp/hard\libgcc.a(_udivmoddi4.o)
                0x00000000080001f8                __udivmoddi4
 .text          0x00000000080004c4        0x4 c:/st/stm32cubeide_1.4.0/stm32cubeide/plugins/com.st.stm32cube.ide.mcu.externaltools.gnu-tools-for-stm32.7-2018-q2-update.win32_1.4.0.202007081208/tools/bin/../lib/gcc/arm-none-eabi/7.3.1/thumb/v7e-m/fpv4-sp/hard\libgcc.a(_dvmd_tls.o)
                0x00000000080004c4                __aeabi_idiv0
                0x00000000080004c4                __aeabi_ldiv0
 *(.text*)
 .text.main     0x00000000080004c8       0x80 Core/Src/main.o
                0x00000000080004c8                main
 .text.SystemClock_Config
                0x0000000008000548       0xc6 Core/Src/main.o
                0x0000000008000548                SystemClock_Config
 *fill*         0x000000000800060e        0x2 
 .text.MX_CAN1_Init
                0x0000000008000610       0x68 Core/Src/main.o
 .text.MX_USART2_UART_Init
                0x0000000008000678       0x60 Core/Src/main.o
 .text.MX_GPIO_Init
                0x00000000080006d8       0xd0 Core/Src/main.o
 .text.CAN_Rx_filter
                0x00000000080007a8       0x4c Core/Src/main.o
                0x00000000080007a8                CAN_Rx_filter
 .text.HAL_CAN_RxFifo0MsgPendingCallback
                0x00000000080007f4       0xc8 Core/Src/main.o
                0x00000000080007f4                HAL_CAN_RxFifo0MsgPendingCallback
 .text.CAN_TX1  0x00000000080008bc       0x8c Core/Src/main.o
                0x00000000080008bc                CAN_TX1
 .text.CAN_TX2  0x0000000008000948       0x8c Core/Src/main.o
                0x0000000008000948                CAN_TX2
 .text.Error_Handler
                0x00000000080009d4        0xe Core/Src/main.o
                0x00000000080009d4                Error_Handler
 *fill*         0x00000000080009e2        0x2 
 .text.HAL_MspInit
                0x00000000080009e4       0x48 Core/Src/stm32l4xx_hal_msp.o
                0x00000000080009e4                HAL_MspInit
 .text.HAL_CAN_MspInit
                0x0000000008000a2c       0x98 Core/Src/stm32l4xx_hal_msp.o
                0x0000000008000a2c                HAL_CAN_MspInit
 .text.HAL_UART_MspInit
                0x0000000008000ac4       0x84 Core/Src/stm32l4xx_hal_msp.o
                0x0000000008000ac4                HAL_UART_MspInit
 .text.NMI_Handler
                0x0000000008000b48        0xe Core/Src/stm32l4xx_it.o
                0x0000000008000b48                NMI_Handler
 .text.HardFault_Handler
                0x0000000008000b56        0x6 Core/Src/stm32l4xx_it.o
                0x0000000008000b56                HardFault_Handler
 .text.MemManage_Handler
                0x0000000008000b5c        0x6 Core/Src/stm32l4xx_it.o
                0x0000000008000b5c                MemManage_Handler
 .text.BusFault_Handler
                0x0000000008000b62        0x6 Core/Src/stm32l4xx_it.o
                0x0000000008000b62                BusFault_Handler
 .text.UsageFault_Handler
                0x0000000008000b68        0x6 Core/Src/stm32l4xx_it.o
                0x0000000008000b68                UsageFault_Handler
 .text.SVC_Handler
                0x0000000008000b6e        0xe Core/Src/stm32l4xx_it.o
                0x0000000008000b6e                SVC_Handler
 .text.DebugMon_Handler
                0x0000000008000b7c        0xe Core/Src/stm32l4xx_it.o
                0x0000000008000b7c                DebugMon_Handler
 .text.PendSV_Handler
                0x0000000008000b8a        0xe Core/Src/stm32l4xx_it.o
                0x0000000008000b8a                PendSV_Handler
 .text.SysTick_Handler
                0x0000000008000b98        0xc Core/Src/stm32l4xx_it.o
                0x0000000008000b98                SysTick_Handler
 .text.CAN1_RX0_IRQHandler
                0x0000000008000ba4       0x14 Core/Src/stm32l4xx_it.o
                0x0000000008000ba4                CAN1_RX0_IRQHandler
 .text.SystemInit
                0x0000000008000bb8       0x6c Core/Src/system_stm32l4xx.o
                0x0000000008000bb8                SystemInit
 .text.Reset_Handler
                0x0000000008000c24       0x50 Core/Startup/startup_stm32l476rgtx.o
                0x0000000008000c24                Reset_Handler
 .text.Default_Handler
                0x0000000008000c74        0x2 Core/Startup/startup_stm32l476rgtx.o
                0x0000000008000c74                RTC_Alarm_IRQHandler
                0x0000000008000c74                EXTI2_IRQHandler
                0x0000000008000c74                TIM8_TRG_COM_IRQHandler
                0x0000000008000c74                TIM8_CC_IRQHandler
                0x0000000008000c74                TIM1_CC_IRQHandler
                0x0000000008000c74                TSC_IRQHandler
                0x0000000008000c74                TAMP_STAMP_IRQHandler
                0x0000000008000c74                EXTI3_IRQHandler
                0x0000000008000c74                LPTIM2_IRQHandler
                0x0000000008000c74                DFSDM1_FLT1_IRQHandler
                0x0000000008000c74                I2C3_ER_IRQHandler
                0x0000000008000c74                DFSDM1_FLT2_IRQHandler
                0x0000000008000c74                EXTI0_IRQHandler
                0x0000000008000c74                I2C2_EV_IRQHandler
                0x0000000008000c74                FPU_IRQHandler
                0x0000000008000c74                TIM1_UP_TIM16_IRQHandler
                0x0000000008000c74                ADC1_2_IRQHandler
                0x0000000008000c74                SPI1_IRQHandler
                0x0000000008000c74                TIM6_DAC_IRQHandler
                0x0000000008000c74                TIM8_UP_IRQHandler
                0x0000000008000c74                DMA2_Channel2_IRQHandler
                0x0000000008000c74                DMA1_Channel4_IRQHandler
                0x0000000008000c74                SAI2_IRQHandler
                0x0000000008000c74                DFSDM1_FLT3_IRQHandler
                0x0000000008000c74                USART3_IRQHandler
                0x0000000008000c74                DMA1_Channel7_IRQHandler
                0x0000000008000c74                CAN1_RX1_IRQHandler
                0x0000000008000c74                LCD_IRQHandler
                0x0000000008000c74                UART5_IRQHandler
                0x0000000008000c74                ADC3_IRQHandler
                0x0000000008000c74                TIM4_IRQHandler
                0x0000000008000c74                DMA2_Channel1_IRQHandler
                0x0000000008000c74                QUADSPI_IRQHandler
                0x0000000008000c74                I2C1_EV_IRQHandler
                0x0000000008000c74                DMA1_Channel6_IRQHandler
                0x0000000008000c74                UART4_IRQHandler
                0x0000000008000c74                DMA2_Channel4_IRQHandler
                0x0000000008000c74                TIM3_IRQHandler
                0x0000000008000c74                RCC_IRQHandler
                0x0000000008000c74                DMA1_Channel1_IRQHandler
                0x0000000008000c74                Default_Handler
                0x0000000008000c74                DMA2_Channel7_IRQHandler
                0x0000000008000c74                EXTI15_10_IRQHandler
                0x0000000008000c74                TIM7_IRQHandler
                0x0000000008000c74                SDMMC1_IRQHandler
                0x0000000008000c74                TIM5_IRQHandler
                0x0000000008000c74                I2C3_EV_IRQHandler
                0x0000000008000c74                EXTI9_5_IRQHandler
                0x0000000008000c74                RTC_WKUP_IRQHandler
                0x0000000008000c74                PVD_PVM_IRQHandler
                0x0000000008000c74                SPI2_IRQHandler
                0x0000000008000c74                CAN1_TX_IRQHandler
                0x0000000008000c74                DMA2_Channel5_IRQHandler
                0x0000000008000c74                DMA1_Channel5_IRQHandler
                0x0000000008000c74                EXTI4_IRQHandler
                0x0000000008000c74                RNG_IRQHandler
                0x0000000008000c74                TIM1_TRG_COM_TIM17_IRQHandler
                0x0000000008000c74                DMA1_Channel3_IRQHandler
                0x0000000008000c74                COMP_IRQHandler
                0x0000000008000c74                WWDG_IRQHandler
                0x0000000008000c74                LPUART1_IRQHandler
                0x0000000008000c74                DMA2_Channel6_IRQHandler
                0x0000000008000c74                TIM2_IRQHandler
                0x0000000008000c74                EXTI1_IRQHandler
                0x0000000008000c74                USART2_IRQHandler
                0x0000000008000c74                DFSDM1_FLT0_IRQHandler
                0x0000000008000c74                I2C2_ER_IRQHandler
                0x0000000008000c74                DMA1_Channel2_IRQHandler
                0x0000000008000c74                TIM8_BRK_IRQHandler
                0x0000000008000c74                CAN1_SCE_IRQHandler
                0x0000000008000c74                FLASH_IRQHandler
                0x0000000008000c74                USART1_IRQHandler
                0x0000000008000c74                OTG_FS_IRQHandler
                0x0000000008000c74                SPI3_IRQHandler
                0x0000000008000c74                I2C1_ER_IRQHandler
                0x0000000008000c74                FMC_IRQHandler
                0x0000000008000c74                SWPMI1_IRQHandler
                0x0000000008000c74                LPTIM1_IRQHandler
                0x0000000008000c74                SAI1_IRQHandler
                0x0000000008000c74                DMA2_Channel3_IRQHandler
                0x0000000008000c74                TIM1_BRK_TIM15_IRQHandler
 *fill*         0x0000000008000c76        0x2 
 .text.HAL_Init
                0x0000000008000c78       0x40 Drivers/STM32L4xx_HAL_Driver/Src/stm32l4xx_hal.o
                0x0000000008000c78                HAL_Init
 .text.HAL_InitTick
                0x0000000008000cb8       0x78 Drivers/STM32L4xx_HAL_Driver/Src/stm32l4xx_hal.o
                0x0000000008000cb8                HAL_InitTick
 .text.HAL_IncTick
                0x0000000008000d30       0x28 Drivers/STM32L4xx_HAL_Driver/Src/stm32l4xx_hal.o
                0x0000000008000d30                HAL_IncTick
 .text.HAL_GetTick
                0x0000000008000d58       0x18 Drivers/STM32L4xx_HAL_Driver/Src/stm32l4xx_hal.o
                0x0000000008000d58                HAL_GetTick
 .text.HAL_Delay
                0x0000000008000d70       0x44 Drivers/STM32L4xx_HAL_Driver/Src/stm32l4xx_hal.o
                0x0000000008000d70                HAL_Delay
 .text.HAL_CAN_Init
                0x0000000008000db4      0x1f6 Drivers/STM32L4xx_HAL_Driver/Src/stm32l4xx_hal_can.o
                0x0000000008000db4                HAL_CAN_Init
 .text.HAL_CAN_ConfigFilter
                0x0000000008000faa      0x194 Drivers/STM32L4xx_HAL_Driver/Src/stm32l4xx_hal_can.o
                0x0000000008000faa                HAL_CAN_ConfigFilter
 .text.HAL_CAN_Start
                0x000000000800113e       0x88 Drivers/STM32L4xx_HAL_Driver/Src/stm32l4xx_hal_can.o
                0x000000000800113e                HAL_CAN_Start
 .text.HAL_CAN_AddTxMessage
                0x00000000080011c6      0x1b6 Drivers/STM32L4xx_HAL_Driver/Src/stm32l4xx_hal_can.o
                0x00000000080011c6                HAL_CAN_AddTxMessage
 .text.HAL_CAN_IsTxMessagePending
                0x000000000800137c       0x48 Drivers/STM32L4xx_HAL_Driver/Src/stm32l4xx_hal_can.o
                0x000000000800137c                HAL_CAN_IsTxMessagePending
 .text.HAL_CAN_GetRxMessage
                0x00000000080013c4      0x224 Drivers/STM32L4xx_HAL_Driver/Src/stm32l4xx_hal_can.o
                0x00000000080013c4                HAL_CAN_GetRxMessage
 .text.HAL_CAN_ActivateNotification
                0x00000000080015e8       0x4c Drivers/STM32L4xx_HAL_Driver/Src/stm32l4xx_hal_can.o
                0x00000000080015e8                HAL_CAN_ActivateNotification
 .text.HAL_CAN_IRQHandler
                0x0000000008001634      0x362 Drivers/STM32L4xx_HAL_Driver/Src/stm32l4xx_hal_can.o
                0x0000000008001634                HAL_CAN_IRQHandler
 .text.HAL_CAN_TxMailbox0CompleteCallback
                0x0000000008001996       0x14 Drivers/STM32L4xx_HAL_Driver/Src/stm32l4xx_hal_can.o
                0x0000000008001996                HAL_CAN_TxMailbox0CompleteCallback
 .text.HAL_CAN_TxMailbox1CompleteCallback
                0x00000000080019aa       0x14 Drivers/STM32L4xx_HAL_Driver/Src/stm32l4xx_hal_can.o
                0x00000000080019aa                HAL_CAN_TxMailbox1CompleteCallback
 .text.HAL_CAN_TxMailbox2CompleteCallback
                0x00000000080019be       0x14 Drivers/STM32L4xx_HAL_Driver/Src/stm32l4xx_hal_can.o
                0x00000000080019be                HAL_CAN_TxMailbox2CompleteCallback
 .text.HAL_CAN_TxMailbox0AbortCallback
                0x00000000080019d2       0x14 Drivers/STM32L4xx_HAL_Driver/Src/stm32l4xx_hal_can.o
                0x00000000080019d2                HAL_CAN_TxMailbox0AbortCallback
 .text.HAL_CAN_TxMailbox1AbortCallback
                0x00000000080019e6       0x14 Drivers/STM32L4xx_HAL_Driver/Src/stm32l4xx_hal_can.o
                0x00000000080019e6                HAL_CAN_TxMailbox1AbortCallback
 .text.HAL_CAN_TxMailbox2AbortCallback
                0x00000000080019fa       0x14 Drivers/STM32L4xx_HAL_Driver/Src/stm32l4xx_hal_can.o
                0x00000000080019fa                HAL_CAN_TxMailbox2AbortCallback
 .text.HAL_CAN_RxFifo0FullCallback
                0x0000000008001a0e       0x14 Drivers/STM32L4xx_HAL_Driver/Src/stm32l4xx_hal_can.o
                0x0000000008001a0e                HAL_CAN_RxFifo0FullCallback
 .text.HAL_CAN_RxFifo1MsgPendingCallback
                0x0000000008001a22       0x14 Drivers/STM32L4xx_HAL_Driver/Src/stm32l4xx_hal_can.o
                0x0000000008001a22                HAL_CAN_RxFifo1MsgPendingCallback
 .text.HAL_CAN_RxFifo1FullCallback
                0x0000000008001a36       0x14 Drivers/STM32L4xx_HAL_Driver/Src/stm32l4xx_hal_can.o
                0x0000000008001a36                HAL_CAN_RxFifo1FullCallback
 .text.HAL_CAN_SleepCallback
                0x0000000008001a4a       0x14 Drivers/STM32L4xx_HAL_Driver/Src/stm32l4xx_hal_can.o
                0x0000000008001a4a                HAL_CAN_SleepCallback
 .text.HAL_CAN_WakeUpFromRxMsgCallback
                0x0000000008001a5e       0x14 Drivers/STM32L4xx_HAL_Driver/Src/stm32l4xx_hal_can.o
                0x0000000008001a5e                HAL_CAN_WakeUpFromRxMsgCallback
 .text.HAL_CAN_ErrorCallback
                0x0000000008001a72       0x14 Drivers/STM32L4xx_HAL_Driver/Src/stm32l4xx_hal_can.o
                0x0000000008001a72                HAL_CAN_ErrorCallback
 *fill*         0x0000000008001a86        0x2 
 .text.__NVIC_SetPriorityGrouping
                0x0000000008001a88       0x48 Drivers/STM32L4xx_HAL_Driver/Src/stm32l4xx_hal_cortex.o
 .text.__NVIC_GetPriorityGrouping
                0x0000000008001ad0       0x1c Drivers/STM32L4xx_HAL_Driver/Src/stm32l4xx_hal_cortex.o
 .text.__NVIC_EnableIRQ
                0x0000000008001aec       0x3c Drivers/STM32L4xx_HAL_Driver/Src/stm32l4xx_hal_cortex.o
 .text.__NVIC_SetPriority
                0x0000000008001b28       0x54 Drivers/STM32L4xx_HAL_Driver/Src/stm32l4xx_hal_cortex.o
 .text.NVIC_EncodePriority
                0x0000000008001b7c       0x66 Drivers/STM32L4xx_HAL_Driver/Src/stm32l4xx_hal_cortex.o
 *fill*         0x0000000008001be2        0x2 
 .text.SysTick_Config
                0x0000000008001be4       0x44 Drivers/STM32L4xx_HAL_Driver/Src/stm32l4xx_hal_cortex.o
 .text.HAL_NVIC_SetPriorityGrouping
                0x0000000008001c28       0x16 Drivers/STM32L4xx_HAL_Driver/Src/stm32l4xx_hal_cortex.o
                0x0000000008001c28                HAL_NVIC_SetPriorityGrouping
 .text.HAL_NVIC_SetPriority
                0x0000000008001c3e       0x38 Drivers/STM32L4xx_HAL_Driver/Src/stm32l4xx_hal_cortex.o
                0x0000000008001c3e                HAL_NVIC_SetPriority
 .text.HAL_NVIC_EnableIRQ
                0x0000000008001c76       0x1c Drivers/STM32L4xx_HAL_Driver/Src/stm32l4xx_hal_cortex.o
                0x0000000008001c76                HAL_NVIC_EnableIRQ
 .text.HAL_SYSTICK_Config
                0x0000000008001c92       0x18 Drivers/STM32L4xx_HAL_Driver/Src/stm32l4xx_hal_cortex.o
                0x0000000008001c92                HAL_SYSTICK_Config
 *fill*         0x0000000008001caa        0x2 
 .text.HAL_GPIO_Init
                0x0000000008001cac      0x350 Drivers/STM32L4xx_HAL_Driver/Src/stm32l4xx_hal_gpio.o
                0x0000000008001cac                HAL_GPIO_Init
 .text.HAL_GPIO_WritePin
                0x0000000008001ffc       0x30 Drivers/STM32L4xx_HAL_Driver/Src/stm32l4xx_hal_gpio.o
                0x0000000008001ffc                HAL_GPIO_WritePin
 .text.HAL_PWREx_GetVoltageRange
                0x000000000800202c       0x1c Drivers/STM32L4xx_HAL_Driver/Src/stm32l4xx_hal_pwr_ex.o
                0x000000000800202c                HAL_PWREx_GetVoltageRange
 .text.HAL_PWREx_ControlVoltageScaling
                0x0000000008002048       0xac Drivers/STM32L4xx_HAL_Driver/Src/stm32l4xx_hal_pwr_ex.o
                0x0000000008002048                HAL_PWREx_ControlVoltageScaling
 .text.HAL_RCC_OscConfig
                0x00000000080020f4      0x7cc Drivers/STM32L4xx_HAL_Driver/Src/stm32l4xx_hal_rcc.o
                0x00000000080020f4                HAL_RCC_OscConfig
 .text.HAL_RCC_ClockConfig
                0x00000000080028c0      0x1c4 Drivers/STM32L4xx_HAL_Driver/Src/stm32l4xx_hal_rcc.o
                0x00000000080028c0                HAL_RCC_ClockConfig
 .text.HAL_RCC_GetSysClockFreq
                0x0000000008002a84      0x114 Drivers/STM32L4xx_HAL_Driver/Src/stm32l4xx_hal_rcc.o
                0x0000000008002a84                HAL_RCC_GetSysClockFreq
 .text.HAL_RCC_GetHCLKFreq
                0x0000000008002b98       0x18 Drivers/STM32L4xx_HAL_Driver/Src/stm32l4xx_hal_rcc.o
                0x0000000008002b98                HAL_RCC_GetHCLKFreq
 .text.HAL_RCC_GetPCLK1Freq
                0x0000000008002bb0       0x2c Drivers/STM32L4xx_HAL_Driver/Src/stm32l4xx_hal_rcc.o
                0x0000000008002bb0                HAL_RCC_GetPCLK1Freq
 .text.HAL_RCC_GetPCLK2Freq
                0x0000000008002bdc       0x2c Drivers/STM32L4xx_HAL_Driver/Src/stm32l4xx_hal_rcc.o
                0x0000000008002bdc                HAL_RCC_GetPCLK2Freq
 .text.RCC_SetFlashLatencyFromMSIRange
                0x0000000008002c08       0xc0 Drivers/STM32L4xx_HAL_Driver/Src/stm32l4xx_hal_rcc.o
 .text.HAL_RCCEx_PeriphCLKConfig
                0x0000000008002cc8      0x5cc Drivers/STM32L4xx_HAL_Driver/Src/stm32l4xx_hal_rcc_ex.o
                0x0000000008002cc8                HAL_RCCEx_PeriphCLKConfig
 .text.RCCEx_PLLSAI1_Config
                0x0000000008003294      0x1e0 Drivers/STM32L4xx_HAL_Driver/Src/stm32l4xx_hal_rcc_ex.o
 .text.RCCEx_PLLSAI2_Config
                0x0000000008003474      0x1b4 Drivers/STM32L4xx_HAL_Driver/Src/stm32l4xx_hal_rcc_ex.o
 .text.HAL_UART_Init
                0x0000000008003628       0x9c Drivers/STM32L4xx_HAL_Driver/Src/stm32l4xx_hal_uart.o
                0x0000000008003628                HAL_UART_Init
 .text.HAL_UART_Transmit
                0x00000000080036c4      0x126 Drivers/STM32L4xx_HAL_Driver/Src/stm32l4xx_hal_uart.o
                0x00000000080036c4                HAL_UART_Transmit
 *fill*         0x00000000080037ea        0x2 
 .text.UART_SetConfig
                0x00000000080037ec      0x514 Drivers/STM32L4xx_HAL_Driver/Src/stm32l4xx_hal_uart.o
                0x00000000080037ec                UART_SetConfig
 .text.UART_AdvFeatureConfig
                0x0000000008003d00      0x144 Drivers/STM32L4xx_HAL_Driver/Src/stm32l4xx_hal_uart.o
                0x0000000008003d00                UART_AdvFeatureConfig
 .text.UART_CheckIdleState
                0x0000000008003e44       0x8a Drivers/STM32L4xx_HAL_Driver/Src/stm32l4xx_hal_uart.o
                0x0000000008003e44                UART_CheckIdleState
 .text.UART_WaitOnFlagUntilTimeout
                0x0000000008003ece       0xf6 Drivers/STM32L4xx_HAL_Driver/Src/stm32l4xx_hal_uart.o
                0x0000000008003ece                UART_WaitOnFlagUntilTimeout
 .text.__libc_init_array
                0x0000000008003fc4       0x48 c:/st/stm32cubeide_1.4.0/stm32cubeide/plugins/com.st.stm32cube.ide.mcu.externaltools.gnu-tools-for-stm32.7-2018-q2-update.win32_1.4.0.202007081208/tools/bin/../lib/gcc/arm-none-eabi/7.3.1/../../../../arm-none-eabi/lib/thumb/v7e-m/fpv4-sp/hard\libc_nano.a(lib_a-init.o)
                0x0000000008003fc4                __libc_init_array
 .text.memset   0x000000000800400c       0x10 c:/st/stm32cubeide_1.4.0/stm32cubeide/plugins/com.st.stm32cube.ide.mcu.externaltools.gnu-tools-for-stm32.7-2018-q2-update.win32_1.4.0.202007081208/tools/bin/../lib/gcc/arm-none-eabi/7.3.1/../../../../arm-none-eabi/lib/thumb/v7e-m/fpv4-sp/hard\libc_nano.a(lib_a-memset.o)
                0x000000000800400c                memset
 *(.glue_7)
 .glue_7        0x000000000800401c        0x0 linker stubs
 *(.glue_7t)
 .glue_7t       0x000000000800401c        0x0 linker stubs
 *(.eh_frame)
 .eh_frame      0x000000000800401c        0x0 c:/st/stm32cubeide_1.4.0/stm32cubeide/plugins/com.st.stm32cube.ide.mcu.externaltools.gnu-tools-for-stm32.7-2018-q2-update.win32_1.4.0.202007081208/tools/bin/../lib/gcc/arm-none-eabi/7.3.1/thumb/v7e-m/fpv4-sp/hard/crtbegin.o
 *(.init)
 .init          0x000000000800401c        0x4 c:/st/stm32cubeide_1.4.0/stm32cubeide/plugins/com.st.stm32cube.ide.mcu.externaltools.gnu-tools-for-stm32.7-2018-q2-update.win32_1.4.0.202007081208/tools/bin/../lib/gcc/arm-none-eabi/7.3.1/thumb/v7e-m/fpv4-sp/hard/crti.o
                0x000000000800401c                _init
 .init          0x0000000008004020        0x8 c:/st/stm32cubeide_1.4.0/stm32cubeide/plugins/com.st.stm32cube.ide.mcu.externaltools.gnu-tools-for-stm32.7-2018-q2-update.win32_1.4.0.202007081208/tools/bin/../lib/gcc/arm-none-eabi/7.3.1/thumb/v7e-m/fpv4-sp/hard/crtn.o
 *(.fini)
 .fini          0x0000000008004028        0x4 c:/st/stm32cubeide_1.4.0/stm32cubeide/plugins/com.st.stm32cube.ide.mcu.externaltools.gnu-tools-for-stm32.7-2018-q2-update.win32_1.4.0.202007081208/tools/bin/../lib/gcc/arm-none-eabi/7.3.1/thumb/v7e-m/fpv4-sp/hard/crti.o
                0x0000000008004028                _fini
 .fini          0x000000000800402c        0x8 c:/st/stm32cubeide_1.4.0/stm32cubeide/plugins/com.st.stm32cube.ide.mcu.externaltools.gnu-tools-for-stm32.7-2018-q2-update.win32_1.4.0.202007081208/tools/bin/../lib/gcc/arm-none-eabi/7.3.1/thumb/v7e-m/fpv4-sp/hard/crtn.o
                0x0000000008004034                . = ALIGN (0x4)
                0x0000000008004034                _etext = .

.vfp11_veneer   0x0000000008004034        0x0
 .vfp11_veneer  0x0000000008004034        0x0 linker stubs

.v4_bx          0x0000000008004034        0x0
 .v4_bx         0x0000000008004034        0x0 linker stubs

.iplt           0x0000000008004034        0x0
 .iplt          0x0000000008004034        0x0 c:/st/stm32cubeide_1.4.0/stm32cubeide/plugins/com.st.stm32cube.ide.mcu.externaltools.gnu-tools-for-stm32.7-2018-q2-update.win32_1.4.0.202007081208/tools/bin/../lib/gcc/arm-none-eabi/7.3.1/thumb/v7e-m/fpv4-sp/hard/crtbegin.o

.rodata         0x0000000008004034       0x68
                0x0000000008004034                . = ALIGN (0x4)
 *(.rodata)
 .rodata        0x0000000008004034       0x20 Core/Src/main.o
 *(.rodata*)
 .rodata.AHBPrescTable
                0x0000000008004054       0x10 Core/Src/system_stm32l4xx.o
                0x0000000008004054                AHBPrescTable
 .rodata.APBPrescTable
                0x0000000008004064        0x8 Core/Src/system_stm32l4xx.o
                0x0000000008004064                APBPrescTable
 .rodata.MSIRangeTable
                0x000000000800406c       0x30 Core/Src/system_stm32l4xx.o
                0x000000000800406c                MSIRangeTable
                0x000000000800409c                . = ALIGN (0x4)

.ARM.extab      0x000000000800409c        0x0
                0x000000000800409c                . = ALIGN (0x4)
 *(.ARM.extab* .gnu.linkonce.armextab.*)
                0x000000000800409c                . = ALIGN (0x4)

.ARM            0x000000000800409c        0x8
                0x000000000800409c                . = ALIGN (0x4)
                0x000000000800409c                __exidx_start = .
 *(.ARM.exidx*)
 .ARM.exidx     0x000000000800409c        0x8 c:/st/stm32cubeide_1.4.0/stm32cubeide/plugins/com.st.stm32cube.ide.mcu.externaltools.gnu-tools-for-stm32.7-2018-q2-update.win32_1.4.0.202007081208/tools/bin/../lib/gcc/arm-none-eabi/7.3.1/thumb/v7e-m/fpv4-sp/hard\libgcc.a(_udivmoddi4.o)
                0x00000000080040a4                __exidx_end = .
                0x00000000080040a4                . = ALIGN (0x4)

.rel.dyn        0x00000000080040a4        0x0
 .rel.iplt      0x00000000080040a4        0x0 c:/st/stm32cubeide_1.4.0/stm32cubeide/plugins/com.st.stm32cube.ide.mcu.externaltools.gnu-tools-for-stm32.7-2018-q2-update.win32_1.4.0.202007081208/tools/bin/../lib/gcc/arm-none-eabi/7.3.1/thumb/v7e-m/fpv4-sp/hard/crtbegin.o

.preinit_array  0x00000000080040a4        0x0
                0x00000000080040a4                . = ALIGN (0x4)
                0x00000000080040a4                PROVIDE (__preinit_array_start = .)
 *(.preinit_array*)
                0x00000000080040a4                PROVIDE (__preinit_array_end = .)
                0x00000000080040a4                . = ALIGN (0x4)

.init_array     0x00000000080040a4        0x4
                0x00000000080040a4                . = ALIGN (0x4)
                0x00000000080040a4                PROVIDE (__init_array_start = .)
 *(SORT_BY_NAME(.init_array.*))
 *(.init_array*)
 .init_array    0x00000000080040a4        0x4 c:/st/stm32cubeide_1.4.0/stm32cubeide/plugins/com.st.stm32cube.ide.mcu.externaltools.gnu-tools-for-stm32.7-2018-q2-update.win32_1.4.0.202007081208/tools/bin/../lib/gcc/arm-none-eabi/7.3.1/thumb/v7e-m/fpv4-sp/hard/crtbegin.o
                0x00000000080040a8                PROVIDE (__init_array_end = .)
                0x00000000080040a8                . = ALIGN (0x4)

.fini_array     0x00000000080040a8        0x4
                0x00000000080040a8                . = ALIGN (0x4)
                [!provide]                        PROVIDE (__fini_array_start = .)
 *(SORT_BY_NAME(.fini_array.*))
 *(.fini_array*)
 .fini_array    0x00000000080040a8        0x4 c:/st/stm32cubeide_1.4.0/stm32cubeide/plugins/com.st.stm32cube.ide.mcu.externaltools.gnu-tools-for-stm32.7-2018-q2-update.win32_1.4.0.202007081208/tools/bin/../lib/gcc/arm-none-eabi/7.3.1/thumb/v7e-m/fpv4-sp/hard/crtbegin.o
                [!provide]                        PROVIDE (__fini_array_end = .)
                0x00000000080040ac                . = ALIGN (0x4)
                0x00000000080040ac                _sidata = LOADADDR (.data)

.data           0x0000000020000000        0xc load address 0x00000000080040ac
                0x0000000020000000                . = ALIGN (0x4)
                0x0000000020000000                _sdata = .
 *(.data)
 *(.data*)
 .data.SystemCoreClock
                0x0000000020000000        0x4 Core/Src/system_stm32l4xx.o
                0x0000000020000000                SystemCoreClock
 .data.uwTickPrio
                0x0000000020000004        0x4 Drivers/STM32L4xx_HAL_Driver/Src/stm32l4xx_hal.o
                0x0000000020000004                uwTickPrio
 .data.uwTickFreq
                0x0000000020000008        0x1 Drivers/STM32L4xx_HAL_Driver/Src/stm32l4xx_hal.o
                0x0000000020000008                uwTickFreq
                0x000000002000000c                . = ALIGN (0x4)
 *fill*         0x0000000020000009        0x3 
                0x000000002000000c                _edata = .

.igot.plt       0x000000002000000c        0x0 load address 0x00000000080040b8
 .igot.plt      0x000000002000000c        0x0 c:/st/stm32cubeide_1.4.0/stm32cubeide/plugins/com.st.stm32cube.ide.mcu.externaltools.gnu-tools-for-stm32.7-2018-q2-update.win32_1.4.0.202007081208/tools/bin/../lib/gcc/arm-none-eabi/7.3.1/thumb/v7e-m/fpv4-sp/hard/crtbegin.o
                0x000000002000000c                . = ALIGN (0x4)

.bss            0x000000002000000c       0xe8 load address 0x00000000080040b8
                0x000000002000000c                _sbss = .
                0x000000002000000c                __bss_start__ = _sbss
 *(.bss)
 .bss           0x000000002000000c       0x1c c:/st/stm32cubeide_1.4.0/stm32cubeide/plugins/com.st.stm32cube.ide.mcu.externaltools.gnu-tools-for-stm32.7-2018-q2-update.win32_1.4.0.202007081208/tools/bin/../lib/gcc/arm-none-eabi/7.3.1/thumb/v7e-m/fpv4-sp/hard/crtbegin.o
 *(.bss*)
 .bss.datacheck_1
                0x0000000020000028        0x1 Core/Src/main.o
                0x0000000020000028                datacheck_1
 .bss.datacheck_2
                0x0000000020000029        0x1 Core/Src/main.o
                0x0000000020000029                datacheck_2
 *(COMMON)
 *fill*         0x000000002000002a        0x2 
 COMMON         0x000000002000002c       0xc4 Core/Src/main.o
                0x000000002000002c                hcan_rx
                0x0000000020000048                huart2
                0x00000000200000c8                hcan1
 COMMON         0x00000000200000f0        0x4 Drivers/STM32L4xx_HAL_Driver/Src/stm32l4xx_hal.o
                0x00000000200000f0                uwTick
                0x00000000200000f4                . = ALIGN (0x4)
                0x00000000200000f4                _ebss = .
                0x00000000200000f4                __bss_end__ = _ebss

._user_heap_stack
                0x00000000200000f4      0x604 load address 0x00000000080040b8
                0x00000000200000f8                . = ALIGN (0x8)
 *fill*         0x00000000200000f4        0x4 
                [!provide]                        PROVIDE (end = .)
                0x00000000200000f8                PROVIDE (_end = .)
                0x00000000200002f8                . = (. + _Min_Heap_Size)
 *fill*         0x00000000200000f8      0x200 
                0x00000000200006f8                . = (. + _Min_Stack_Size)
 *fill*         0x00000000200002f8      0x400 
                0x00000000200006f8                . = ALIGN (0x8)

/DISCARD/
 libc.a(*)
 libm.a(*)
 libgcc.a(*)

.ARM.attributes
                0x0000000000000000       0x30
 *(.ARM.attributes)
 .ARM.attributes
                0x0000000000000000       0x22 c:/st/stm32cubeide_1.4.0/stm32cubeide/plugins/com.st.stm32cube.ide.mcu.externaltools.gnu-tools-for-stm32.7-2018-q2-update.win32_1.4.0.202007081208/tools/bin/../lib/gcc/arm-none-eabi/7.3.1/thumb/v7e-m/fpv4-sp/hard/crti.o
 .ARM.attributes
                0x0000000000000022       0x34 c:/st/stm32cubeide_1.4.0/stm32cubeide/plugins/com.st.stm32cube.ide.mcu.externaltools.gnu-tools-for-stm32.7-2018-q2-update.win32_1.4.0.202007081208/tools/bin/../lib/gcc/arm-none-eabi/7.3.1/thumb/v7e-m/fpv4-sp/hard/crtbegin.o
 .ARM.attributes
                0x0000000000000056       0x39 Core/Src/main.o
 .ARM.attributes
                0x000000000000008f       0x39 Core/Src/stm32l4xx_hal_msp.o
 .ARM.attributes
                0x00000000000000c8       0x39 Core/Src/stm32l4xx_it.o
 .ARM.attributes
                0x0000000000000101       0x39 Core/Src/system_stm32l4xx.o
 .ARM.attributes
                0x000000000000013a       0x21 Core/Startup/startup_stm32l476rgtx.o
 .ARM.attributes
                0x000000000000015b       0x39 Drivers/STM32L4xx_HAL_Driver/Src/stm32l4xx_hal.o
 .ARM.attributes
                0x0000000000000194       0x39 Drivers/STM32L4xx_HAL_Driver/Src/stm32l4xx_hal_can.o
 .ARM.attributes
                0x00000000000001cd       0x39 Drivers/STM32L4xx_HAL_Driver/Src/stm32l4xx_hal_cortex.o
 .ARM.attributes
                0x0000000000000206       0x39 Drivers/STM32L4xx_HAL_Driver/Src/stm32l4xx_hal_gpio.o
 .ARM.attributes
                0x000000000000023f       0x39 Drivers/STM32L4xx_HAL_Driver/Src/stm32l4xx_hal_pwr_ex.o
 .ARM.attributes
                0x0000000000000278       0x39 Drivers/STM32L4xx_HAL_Driver/Src/stm32l4xx_hal_rcc.o
 .ARM.attributes
                0x00000000000002b1       0x39 Drivers/STM32L4xx_HAL_Driver/Src/stm32l4xx_hal_rcc_ex.o
 .ARM.attributes
                0x00000000000002ea       0x39 Drivers/STM32L4xx_HAL_Driver/Src/stm32l4xx_hal_uart.o
 .ARM.attributes
                0x0000000000000323       0x34 c:/st/stm32cubeide_1.4.0/stm32cubeide/plugins/com.st.stm32cube.ide.mcu.externaltools.gnu-tools-for-stm32.7-2018-q2-update.win32_1.4.0.202007081208/tools/bin/../lib/gcc/arm-none-eabi/7.3.1/../../../../arm-none-eabi/lib/thumb/v7e-m/fpv4-sp/hard\libc_nano.a(lib_a-init.o)
 .ARM.attributes
                0x0000000000000357       0x34 c:/st/stm32cubeide_1.4.0/stm32cubeide/plugins/com.st.stm32cube.ide.mcu.externaltools.gnu-tools-for-stm32.7-2018-q2-update.win32_1.4.0.202007081208/tools/bin/../lib/gcc/arm-none-eabi/7.3.1/../../../../arm-none-eabi/lib/thumb/v7e-m/fpv4-sp/hard\libc_nano.a(lib_a-memset.o)
 .ARM.attributes
                0x000000000000038b       0x22 c:/st/stm32cubeide_1.4.0/stm32cubeide/plugins/com.st.stm32cube.ide.mcu.externaltools.gnu-tools-for-stm32.7-2018-q2-update.win32_1.4.0.202007081208/tools/bin/../lib/gcc/arm-none-eabi/7.3.1/thumb/v7e-m/fpv4-sp/hard\libgcc.a(_aeabi_uldivmod.o)
 .ARM.attributes
                0x00000000000003ad       0x34 c:/st/stm32cubeide_1.4.0/stm32cubeide/plugins/com.st.stm32cube.ide.mcu.externaltools.gnu-tools-for-stm32.7-2018-q2-update.win32_1.4.0.202007081208/tools/bin/../lib/gcc/arm-none-eabi/7.3.1/thumb/v7e-m/fpv4-sp/hard\libgcc.a(_udivmoddi4.o)
 .ARM.attributes
                0x00000000000003e1       0x22 c:/st/stm32cubeide_1.4.0/stm32cubeide/plugins/com.st.stm32cube.ide.mcu.externaltools.gnu-tools-for-stm32.7-2018-q2-update.win32_1.4.0.202007081208/tools/bin/../lib/gcc/arm-none-eabi/7.3.1/thumb/v7e-m/fpv4-sp/hard\libgcc.a(_dvmd_tls.o)
 .ARM.attributes
                0x0000000000000403       0x22 c:/st/stm32cubeide_1.4.0/stm32cubeide/plugins/com.st.stm32cube.ide.mcu.externaltools.gnu-tools-for-stm32.7-2018-q2-update.win32_1.4.0.202007081208/tools/bin/../lib/gcc/arm-none-eabi/7.3.1/thumb/v7e-m/fpv4-sp/hard/crtn.o
OUTPUT(VCU_CAN_it.elf elf32-littlearm)

.debug_info     0x0000000000000000     0xad9d
 .debug_info    0x0000000000000000     0x15e6 Core/Src/main.o
 .debug_info    0x00000000000015e6     0x1203 Core/Src/stm32l4xx_hal_msp.o
 .debug_info    0x00000000000027e9      0x70c Core/Src/stm32l4xx_it.o
 .debug_info    0x0000000000002ef5      0x727 Core/Src/system_stm32l4xx.o
 .debug_info    0x000000000000361c       0x22 Core/Startup/startup_stm32l476rgtx.o
 .debug_info    0x000000000000363e      0xd2e Drivers/STM32L4xx_HAL_Driver/Src/stm32l4xx_hal.o
 .debug_info    0x000000000000436c     0x112d Drivers/STM32L4xx_HAL_Driver/Src/stm32l4xx_hal_can.o
 .debug_info    0x0000000000005499      0xf6d Drivers/STM32L4xx_HAL_Driver/Src/stm32l4xx_hal_cortex.o
 .debug_info    0x0000000000006406      0x9c2 Drivers/STM32L4xx_HAL_Driver/Src/stm32l4xx_hal_gpio.o
 .debug_info    0x0000000000006dc8      0xb35 Drivers/STM32L4xx_HAL_Driver/Src/stm32l4xx_hal_pwr_ex.o
 .debug_info    0x00000000000078fd      0xd2f Drivers/STM32L4xx_HAL_Driver/Src/stm32l4xx_hal_rcc.o
 .debug_info    0x000000000000862c      0xf41 Drivers/STM32L4xx_HAL_Driver/Src/stm32l4xx_hal_rcc_ex.o
 .debug_info    0x000000000000956d     0x1830 Drivers/STM32L4xx_HAL_Driver/Src/stm32l4xx_hal_uart.o

.debug_abbrev   0x0000000000000000     0x1817
 .debug_abbrev  0x0000000000000000      0x239 Core/Src/main.o
 .debug_abbrev  0x0000000000000239      0x1c0 Core/Src/stm32l4xx_hal_msp.o
 .debug_abbrev  0x00000000000003f9      0x16c Core/Src/stm32l4xx_it.o
 .debug_abbrev  0x0000000000000565      0x150 Core/Src/system_stm32l4xx.o
 .debug_abbrev  0x00000000000006b5       0x12 Core/Startup/startup_stm32l476rgtx.o
 .debug_abbrev  0x00000000000006c7      0x1fb Drivers/STM32L4xx_HAL_Driver/Src/stm32l4xx_hal.o
 .debug_abbrev  0x00000000000008c2      0x24e Drivers/STM32L4xx_HAL_Driver/Src/stm32l4xx_hal_can.o
 .debug_abbrev  0x0000000000000b10      0x2fa Drivers/STM32L4xx_HAL_Driver/Src/stm32l4xx_hal_cortex.o
 .debug_abbrev  0x0000000000000e0a      0x1c0 Drivers/STM32L4xx_HAL_Driver/Src/stm32l4xx_hal_gpio.o
 .debug_abbrev  0x0000000000000fca      0x1cb Drivers/STM32L4xx_HAL_Driver/Src/stm32l4xx_hal_pwr_ex.o
 .debug_abbrev  0x0000000000001195      0x245 Drivers/STM32L4xx_HAL_Driver/Src/stm32l4xx_hal_rcc.o
 .debug_abbrev  0x00000000000013da      0x238 Drivers/STM32L4xx_HAL_Driver/Src/stm32l4xx_hal_rcc_ex.o
 .debug_abbrev  0x0000000000001612      0x205 Drivers/STM32L4xx_HAL_Driver/Src/stm32l4xx_hal_uart.o

.debug_aranges  0x0000000000000000      0x9e0
 .debug_aranges
                0x0000000000000000       0x68 Core/Src/main.o
 .debug_aranges
                0x0000000000000068       0x40 Core/Src/stm32l4xx_hal_msp.o
 .debug_aranges
                0x00000000000000a8       0x68 Core/Src/stm32l4xx_it.o
 .debug_aranges
                0x0000000000000110       0x28 Core/Src/system_stm32l4xx.o
 .debug_aranges
                0x0000000000000138       0x28 Core/Startup/startup_stm32l476rgtx.o
 .debug_aranges
                0x0000000000000160      0x130 Drivers/STM32L4xx_HAL_Driver/Src/stm32l4xx_hal.o
 .debug_aranges
                0x0000000000000290      0x138 Drivers/STM32L4xx_HAL_Driver/Src/stm32l4xx_hal_can.o
 .debug_aranges
                0x00000000000003c8      0x118 Drivers/STM32L4xx_HAL_Driver/Src/stm32l4xx_hal_cortex.o
 .debug_aranges
                0x00000000000004e0       0x58 Drivers/STM32L4xx_HAL_Driver/Src/stm32l4xx_hal_gpio.o
 .debug_aranges
                0x0000000000000538      0x150 Drivers/STM32L4xx_HAL_Driver/Src/stm32l4xx_hal_pwr_ex.o
 .debug_aranges
                0x0000000000000688       0x88 Drivers/STM32L4xx_HAL_Driver/Src/stm32l4xx_hal_rcc.o
 .debug_aranges
                0x0000000000000710       0xc0 Drivers/STM32L4xx_HAL_Driver/Src/stm32l4xx_hal_rcc_ex.o
 .debug_aranges
                0x00000000000007d0      0x210 Drivers/STM32L4xx_HAL_Driver/Src/stm32l4xx_hal_uart.o

.debug_ranges   0x0000000000000000      0x918
 .debug_ranges  0x0000000000000000       0x58 Core/Src/main.o
 .debug_ranges  0x0000000000000058       0x30 Core/Src/stm32l4xx_hal_msp.o
 .debug_ranges  0x0000000000000088       0x58 Core/Src/stm32l4xx_it.o
 .debug_ranges  0x00000000000000e0       0x18 Core/Src/system_stm32l4xx.o
 .debug_ranges  0x00000000000000f8       0x20 Core/Startup/startup_stm32l476rgtx.o
 .debug_ranges  0x0000000000000118      0x120 Drivers/STM32L4xx_HAL_Driver/Src/stm32l4xx_hal.o
 .debug_ranges  0x0000000000000238      0x128 Drivers/STM32L4xx_HAL_Driver/Src/stm32l4xx_hal_can.o
 .debug_ranges  0x0000000000000360      0x108 Drivers/STM32L4xx_HAL_Driver/Src/stm32l4xx_hal_cortex.o
 .debug_ranges  0x0000000000000468       0x48 Drivers/STM32L4xx_HAL_Driver/Src/stm32l4xx_hal_gpio.o
 .debug_ranges  0x00000000000004b0      0x140 Drivers/STM32L4xx_HAL_Driver/Src/stm32l4xx_hal_pwr_ex.o
 .debug_ranges  0x00000000000005f0       0x78 Drivers/STM32L4xx_HAL_Driver/Src/stm32l4xx_hal_rcc.o
 .debug_ranges  0x0000000000000668       0xb0 Drivers/STM32L4xx_HAL_Driver/Src/stm32l4xx_hal_rcc_ex.o
 .debug_ranges  0x0000000000000718      0x200 Drivers/STM32L4xx_HAL_Driver/Src/stm32l4xx_hal_uart.o

.debug_macro    0x0000000000000000    0x254e2
 .debug_macro   0x0000000000000000      0x1de Core/Src/main.o
 .debug_macro   0x00000000000001de      0xa5a Core/Src/main.o
 .debug_macro   0x0000000000000c38      0x1ad Core/Src/main.o
 .debug_macro   0x0000000000000de5       0x2e Core/Src/main.o
 .debug_macro   0x0000000000000e13       0x28 Core/Src/main.o
 .debug_macro   0x0000000000000e3b       0x22 Core/Src/main.o
 .debug_macro   0x0000000000000e5d       0x8e Core/Src/main.o
 .debug_macro   0x0000000000000eeb       0x51 Core/Src/main.o
 .debug_macro   0x0000000000000f3c       0xef Core/Src/main.o
 .debug_macro   0x000000000000102b       0x6a Core/Src/main.o
 .debug_macro   0x0000000000001095      0x1df Core/Src/main.o
 .debug_macro   0x0000000000001274       0x1c Core/Src/main.o
 .debug_macro   0x0000000000001290       0x22 Core/Src/main.o
 .debug_macro   0x00000000000012b2      0x101 Core/Src/main.o
 .debug_macro   0x00000000000013b3     0x1011 Core/Src/main.o
 .debug_macro   0x00000000000023c4      0x11f Core/Src/main.o
 .debug_macro   0x00000000000024e3    0x1a13d Core/Src/main.o
 .debug_macro   0x000000000001c620       0x43 Core/Src/main.o
 .debug_macro   0x000000000001c663     0x3890 Core/Src/main.o
 .debug_macro   0x000000000001fef3      0x174 Core/Src/main.o
 .debug_macro   0x0000000000020067       0x5c Core/Src/main.o
 .debug_macro   0x00000000000200c3     0x155f Core/Src/main.o
 .debug_macro   0x0000000000021622      0x59e Core/Src/main.o
 .debug_macro   0x0000000000021bc0      0x13d Core/Src/main.o
 .debug_macro   0x0000000000021cfd      0x18b Core/Src/main.o
 .debug_macro   0x0000000000021e88      0x26b Core/Src/main.o
 .debug_macro   0x00000000000220f3      0x23d Core/Src/main.o
 .debug_macro   0x0000000000022330      0x408 Core/Src/main.o
 .debug_macro   0x0000000000022738      0x241 Core/Src/main.o
 .debug_macro   0x0000000000022979      0x37c Core/Src/main.o
 .debug_macro   0x0000000000022cf5       0xd6 Core/Src/main.o
 .debug_macro   0x0000000000022dcb      0x22c Core/Src/main.o
 .debug_macro   0x0000000000022ff7       0x61 Core/Src/main.o
 .debug_macro   0x0000000000023058       0xa5 Core/Src/main.o
 .debug_macro   0x00000000000230fd      0x122 Core/Src/main.o
 .debug_macro   0x000000000002321f      0x3e9 Core/Src/main.o
 .debug_macro   0x0000000000023608      0x59e Core/Src/main.o
 .debug_macro   0x0000000000023ba6       0x44 Core/Src/main.o
 .debug_macro   0x0000000000023bea      0x331 Core/Src/main.o
 .debug_macro   0x0000000000023f1b       0x58 Core/Src/main.o
 .debug_macro   0x0000000000023f73      0x1de Core/Src/stm32l4xx_hal_msp.o
 .debug_macro   0x0000000000024151      0x1e8 Core/Src/stm32l4xx_it.o
 .debug_macro   0x0000000000024339      0x1d5 Core/Src/system_stm32l4xx.o
 .debug_macro   0x000000000002450e      0x21d Drivers/STM32L4xx_HAL_Driver/Src/stm32l4xx_hal.o
 .debug_macro   0x000000000002472b      0x1d7 Drivers/STM32L4xx_HAL_Driver/Src/stm32l4xx_hal_can.o
 .debug_macro   0x0000000000024902      0x1cf Drivers/STM32L4xx_HAL_Driver/Src/stm32l4xx_hal_cortex.o
 .debug_macro   0x0000000000024ad1      0x20e Drivers/STM32L4xx_HAL_Driver/Src/stm32l4xx_hal_gpio.o
 .debug_macro   0x0000000000024cdf      0x1f3 Drivers/STM32L4xx_HAL_Driver/Src/stm32l4xx_hal_pwr_ex.o
 .debug_macro   0x0000000000024ed2      0x211 Drivers/STM32L4xx_HAL_Driver/Src/stm32l4xx_hal_rcc.o
 .debug_macro   0x00000000000250e3      0x205 Drivers/STM32L4xx_HAL_Driver/Src/stm32l4xx_hal_rcc_ex.o
 .debug_macro   0x00000000000252e8      0x1fa Drivers/STM32L4xx_HAL_Driver/Src/stm32l4xx_hal_uart.o

.debug_line     0x0000000000000000     0x79a2
 .debug_line    0x0000000000000000      0x826 Core/Src/main.o
 .debug_line    0x0000000000000826      0x73a Core/Src/stm32l4xx_hal_msp.o
 .debug_line    0x0000000000000f60      0x78f Core/Src/stm32l4xx_it.o
 .debug_line    0x00000000000016ef      0x704 Core/Src/system_stm32l4xx.o
 .debug_line    0x0000000000001df3       0x87 Core/Startup/startup_stm32l476rgtx.o
 .debug_line    0x0000000000001e7a      0x97b Drivers/STM32L4xx_HAL_Driver/Src/stm32l4xx_hal.o
 .debug_line    0x00000000000027f5      0xb87 Drivers/STM32L4xx_HAL_Driver/Src/stm32l4xx_hal_can.o
 .debug_line    0x000000000000337c      0xa02 Drivers/STM32L4xx_HAL_Driver/Src/stm32l4xx_hal_cortex.o
 .debug_line    0x0000000000003d7e      0x895 Drivers/STM32L4xx_HAL_Driver/Src/stm32l4xx_hal_gpio.o
 .debug_line    0x0000000000004613      0xa8e Drivers/STM32L4xx_HAL_Driver/Src/stm32l4xx_hal_pwr_ex.o
 .debug_line    0x00000000000050a1      0x9f1 Drivers/STM32L4xx_HAL_Driver/Src/stm32l4xx_hal_rcc.o
 .debug_line    0x0000000000005a92      0xc87 Drivers/STM32L4xx_HAL_Driver/Src/stm32l4xx_hal_rcc_ex.o
 .debug_line    0x0000000000006719     0x1289 Drivers/STM32L4xx_HAL_Driver/Src/stm32l4xx_hal_uart.o

.debug_str      0x0000000000000000    0xe7892
 .debug_str     0x0000000000000000    0xe4dc9 Core/Src/main.o
                                      0xe5148 (size before relaxing)
 .debug_str     0x00000000000e4dc9      0x4b7 Core/Src/stm32l4xx_hal_msp.o
                                      0xe5057 (size before relaxing)
 .debug_str     0x00000000000e5280       0xd1 Core/Src/stm32l4xx_it.o
                                      0xe46d0 (size before relaxing)
 .debug_str     0x00000000000e5351       0xcd Core/Src/system_stm32l4xx.o
                                      0xe4455 (size before relaxing)
 .debug_str     0x00000000000e541e       0x36 Core/Startup/startup_stm32l476rgtx.o
                                         0x60 (size before relaxing)
 .debug_str     0x00000000000e5454      0x627 Drivers/STM32L4xx_HAL_Driver/Src/stm32l4xx_hal.o
                                      0xe4fa5 (size before relaxing)
 .debug_str     0x00000000000e5a7b      0x469 Drivers/STM32L4xx_HAL_Driver/Src/stm32l4xx_hal_can.o
                                      0xe4aec (size before relaxing)
 .debug_str     0x00000000000e5ee4      0x389 Drivers/STM32L4xx_HAL_Driver/Src/stm32l4xx_hal_cortex.o
                                      0xe4ca9 (size before relaxing)
 .debug_str     0x00000000000e626d      0x236 Drivers/STM32L4xx_HAL_Driver/Src/stm32l4xx_hal_gpio.o
                                      0xe46d4 (size before relaxing)
 .debug_str     0x00000000000e64a3      0x4b4 Drivers/STM32L4xx_HAL_Driver/Src/stm32l4xx_hal_pwr_ex.o
                                      0xe4970 (size before relaxing)
 .debug_str     0x00000000000e6957      0x34e Drivers/STM32L4xx_HAL_Driver/Src/stm32l4xx_hal_rcc.o
                                      0xe4a17 (size before relaxing)
 .debug_str     0x00000000000e6ca5      0x3a6 Drivers/STM32L4xx_HAL_Driver/Src/stm32l4xx_hal_rcc_ex.o
                                      0xe4ba8 (size before relaxing)
 .debug_str     0x00000000000e704b      0x847 Drivers/STM32L4xx_HAL_Driver/Src/stm32l4xx_hal_uart.o
                                      0xe500c (size before relaxing)

.comment        0x0000000000000000       0x7b
 .comment       0x0000000000000000       0x7b Core/Src/main.o
                                         0x7c (size before relaxing)
 .comment       0x000000000000007b       0x7c Core/Src/stm32l4xx_hal_msp.o
 .comment       0x000000000000007b       0x7c Core/Src/stm32l4xx_it.o
 .comment       0x000000000000007b       0x7c Core/Src/system_stm32l4xx.o
 .comment       0x000000000000007b       0x7c Drivers/STM32L4xx_HAL_Driver/Src/stm32l4xx_hal.o
 .comment       0x000000000000007b       0x7c Drivers/STM32L4xx_HAL_Driver/Src/stm32l4xx_hal_can.o
 .comment       0x000000000000007b       0x7c Drivers/STM32L4xx_HAL_Driver/Src/stm32l4xx_hal_cortex.o
 .comment       0x000000000000007b       0x7c Drivers/STM32L4xx_HAL_Driver/Src/stm32l4xx_hal_gpio.o
 .comment       0x000000000000007b       0x7c Drivers/STM32L4xx_HAL_Driver/Src/stm32l4xx_hal_pwr_ex.o
 .comment       0x000000000000007b       0x7c Drivers/STM32L4xx_HAL_Driver/Src/stm32l4xx_hal_rcc.o
 .comment       0x000000000000007b       0x7c Drivers/STM32L4xx_HAL_Driver/Src/stm32l4xx_hal_rcc_ex.o
 .comment       0x000000000000007b       0x7c Drivers/STM32L4xx_HAL_Driver/Src/stm32l4xx_hal_uart.o

.debug_frame    0x0000000000000000     0x2818
 .debug_frame   0x0000000000000000      0x160 Core/Src/main.o
 .debug_frame   0x0000000000000160       0xc8 Core/Src/stm32l4xx_hal_msp.o
 .debug_frame   0x0000000000000228      0x128 Core/Src/stm32l4xx_it.o
 .debug_frame   0x0000000000000350       0x58 Core/Src/system_stm32l4xx.o
 .debug_frame   0x00000000000003a8      0x498 Drivers/STM32L4xx_HAL_Driver/Src/stm32l4xx_hal.o
 .debug_frame   0x0000000000000840      0x5a0 Drivers/STM32L4xx_HAL_Driver/Src/stm32l4xx_hal_can.o
 .debug_frame   0x0000000000000de0      0x498 Drivers/STM32L4xx_HAL_Driver/Src/stm32l4xx_hal_cortex.o
 .debug_frame   0x0000000000001278      0x14c Drivers/STM32L4xx_HAL_Driver/Src/stm32l4xx_hal_gpio.o
 .debug_frame   0x00000000000013c4      0x544 Drivers/STM32L4xx_HAL_Driver/Src/stm32l4xx_hal_pwr_ex.o
 .debug_frame   0x0000000000001908      0x1f4 Drivers/STM32L4xx_HAL_Driver/Src/stm32l4xx_hal_rcc.o
 .debug_frame   0x0000000000001afc      0x2fc Drivers/STM32L4xx_HAL_Driver/Src/stm32l4xx_hal_rcc_ex.o
 .debug_frame   0x0000000000001df8      0x974 Drivers/STM32L4xx_HAL_Driver/Src/stm32l4xx_hal_uart.o
 .debug_frame   0x000000000000276c       0x2c c:/st/stm32cubeide_1.4.0/stm32cubeide/plugins/com.st.stm32cube.ide.mcu.externaltools.gnu-tools-for-stm32.7-2018-q2-update.win32_1.4.0.202007081208/tools/bin/../lib/gcc/arm-none-eabi/7.3.1/../../../../arm-none-eabi/lib/thumb/v7e-m/fpv4-sp/hard\libc_nano.a(lib_a-init.o)
 .debug_frame   0x0000000000002798       0x20 c:/st/stm32cubeide_1.4.0/stm32cubeide/plugins/com.st.stm32cube.ide.mcu.externaltools.gnu-tools-for-stm32.7-2018-q2-update.win32_1.4.0.202007081208/tools/bin/../lib/gcc/arm-none-eabi/7.3.1/../../../../arm-none-eabi/lib/thumb/v7e-m/fpv4-sp/hard\libc_nano.a(lib_a-memset.o)
 .debug_frame   0x00000000000027b8       0x2c c:/st/stm32cubeide_1.4.0/stm32cubeide/plugins/com.st.stm32cube.ide.mcu.externaltools.gnu-tools-for-stm32.7-2018-q2-update.win32_1.4.0.202007081208/tools/bin/../lib/gcc/arm-none-eabi/7.3.1/thumb/v7e-m/fpv4-sp/hard\libgcc.a(_aeabi_uldivmod.o)
 .debug_frame   0x00000000000027e4       0x34 c:/st/stm32cubeide_1.4.0/stm32cubeide/plugins/com.st.stm32cube.ide.mcu.externaltools.gnu-tools-for-stm32.7-2018-q2-update.win32_1.4.0.202007081208/tools/bin/../lib/gcc/arm-none-eabi/7.3.1/thumb/v7e-m/fpv4-sp/hard\libgcc.a(_udivmoddi4.o)
